// Jest Snapshot v1, https://goo.gl/fbAQLP

exports[`Pruebas en GifItem Probando snapshot 1`] = `
<div>
  <div
    class="card"
  >
    <img
      alt="titulo"
      src="https://www.algo.com"
    />
    <p>
      titulo
    </p>
  </div>
</div>
`;
